// Jest Snapshot v1, https://goo.gl/fbAQLP

exports[`ButtonBackToNewsComponent test renders ButtonBackToNewsComponent 1`] = `
<BrowserRouter>
  <ButtonBackToNewsComponent />
</BrowserRouter>
`;
