// Jest Snapshot v1, https://goo.gl/fbAQLP

exports[`NavbarComponent test renders NavbarComponent 1`] = `<NavbarComponent />`;
